Intel(R) Parallel Studio XE 2020 Update 2 for Linux*
Copyright 2009-2020 Intel Corporation.
